[shepherdandmilcah.co.zw/index.html]
[backblue.gif]
[fade.gif]
[index.html]
[shepherdandmilcah.co.zw/build/assets/app-B9fOhxTP.css]
[shepherdandmilcah.co.zw/build/assets/app-UyRVujZY.js]
[cdn.jsdelivr.net/npm/@alpinejs/intersect@3.x.x/dist/cdn.min.js]
[cdn.jsdelivr.net/npm/alpinejs@3.x.x/dist/cdn.min.js]
[shepherdandmilcah.co.zw/gallery.html]
[shepherdandmilcah.co.zw/quiz.html]
[shepherdandmilcah.co.zw/rsvp.html]
[shepherdandmilcah.co.zw/images/hero.png]
[shepherdandmilcah.co.zw/index.html]
[shepherdandmilcah.co.zw/build/assets/app-B9fOhxTP.css]
[shepherdandmilcah.co.zw/images/gallery_groom.jpg]
[shepherdandmilcah.co.zw/images/gallery_couple.jpg]
[shepherdandmilcah.co.zw/images/gallery_groomsmen.jpg]
[shepherdandmilcah.co.zw/images/gallery_bridesmaids.jpg]
[shepherdandmilcah.co.zw/images/gallery_bride.jpg]
[shepherdandmilcah.co.zw/images/gallery_tablesetting.jpg]
[shepherdandmilcah.co.zw/gallery.html]
[shepherdandmilcah.co.zw/quiz.html]
[shepherdandmilcah.co.zw/rsvp.html]
